// Jest Snapshot v1, https://goo.gl/fbAQLP

exports[`PlacesList correctly renders 1`] = `
<section
  className="cities__map map"
  style={
    Object {
      "height": "100vh",
    }
  }
/>
`;
